[    0.000000] Booting Linux on physical CPU 0x0
[    0.000000] Linux version 6.8.11-gd2f9d64f827a (root@ca-dev85.us.oracle.com) (arm-none-linux-gnueabihf-gcc (GNU Toolchain for the A-profile Architecture 10.3-2021.07 (arm-10.29)) 10.3.1 20210621, GNU ld (GNU Toolchain for the A-p
rofile Architecture 10.3-2021.07 (arm-10.29)) 2.36.1.20210621) #2 SMP Wed May 29 07:37:42 PDT 2024
[    0.000000] CPU: ARMv7 Processor [414fc0f0] revision 0 (ARMv7), cr=10c5387d
[    0.000000] CPU: div instructions available: patching division code
[    0.000000] CPU: PIPT / VIPT nonaliasing data cache, PIPT instruction cache
[    0.000000] OF: fdt: Machine model: linux,dummy-virt
[    0.000000] random: crng init done
[    0.000000] Memory policy: Data cache writealloc
[    0.000000] efi: UEFI not found.
[    0.000000] cma: Reserved 64 MiB at 0x4c000000 on node -1
[    0.000000] Zone ranges:
[    0.000000]   DMA      [mem 0x0000000040000000-0x000000004fffffff]
[    0.000000]   Normal   empty
[    0.000000]   HighMem  empty
[    0.000000] Movable zone start for each node
[    0.000000] Early memory node ranges
[    0.000000]   node   0: [mem 0x0000000040000000-0x000000004fffffff]
[    0.000000] Initmem setup node 0 [mem 0x0000000040000000-0x000000004fffffff]
[    0.000000] psci: probing for conduit method from DT.
[    0.000000] psci: PSCIv1.1 detected in firmware.
[    0.000000] psci: Using standard PSCI v0.2 function IDs
[    0.000000] psci: Trusted OS migration not required
[    0.000000] psci: SMC Calling Convention v1.0
[    0.000000] percpu: Embedded 16 pages/cpu s36116 r8192 d21228 u65536
[    0.000000] pcpu-alloc: s36116 r8192 d21228 u65536 alloc=16*4096
[    0.000000] pcpu-alloc: [0] 0
[    0.000000] Kernel command line: panic=1 console=ttyAMA0 debug=kernel
[    0.000000] Dentry cache hash table entries: 32768 (order: 5, 131072 bytes, linear)
[    0.000000] Inode-cache hash table entries: 16384 (order: 4, 65536 bytes, linear)
[    0.000000] Built 1 zonelists, mobility grouping on.  Total pages: 65024
[    0.000000] mem auto-init: stack:off, heap alloc:off, heap free:off
[    0.000000] Memory: 163428K/262144K available (15360K kernel code, 2489K rwdata, 6508K rodata, 2048K init, 425K bss, 33180K reserved, 65536K cma-reserved, 0K highmem)
[    0.000000] SLUB: HWalign=64, Order=0-3, MinObjects=0, CPUs=1, Nodes=1
[    0.000000] trace event string verifier disabled
[    0.000000] rcu: Hierarchical RCU implementation.
[    0.000000] rcu:     RCU event tracing is enabled.
[    0.000000] rcu:     RCU restricting CPUs from NR_CPUS=16 to nr_cpu_ids=1.
[    0.000000] rcu: RCU calculated value of scheduler-enlistment delay is 10 jiffies.
[    0.000000] rcu: Adjusting geometry for rcu_fanout_leaf=16, nr_cpu_ids=1
[    0.000000] NR_IRQS: 16, nr_irqs: 16, preallocated irqs: 16
[    0.000000] GICv2m: range[mem 0x08020000-0x08020fff], SPI[80:143]
[    0.000000] rcu: srcu_init: Setting srcu_struct sizes based on contention.
[    0.000000] arch_timer: cp15 timer(s) running at 62.50MHz (virt).
[    0.000000] clocksource: arch_sys_counter: mask: 0x1ffffffffffffff max_cycles: 0x1cd42e208c, max_idle_ns: 881590405314 ns
[    0.000262] sched_clock: 57 bits at 63MHz, resolution 16ns, wraps every 4398046511096ns
[    0.000517] Switching to timer-based delay loop, resolution 16ns
[    0.014545] Console: colour dummy device 80x30
[    0.017152] Calibrating delay loop (skipped), value calculated using timer frequency.. 125.00 BogoMIPS (lpj=625000)
[    0.017332] CPU: Testing write buffer coherency: ok
[    0.019625] CPU0: Spectre v2: firmware did not set auxiliary control register IBE bit, system vulnerable
[    0.019899] CPU0: Spectre BHB: enabling loop workaround for all CPUs
[    0.020052] pid_max: default: 32768 minimum: 301
[    0.023547] Mount-cache hash table entries: 1024 (order: 0, 4096 bytes, linear)
[    0.023630] Mountpoint-cache hash table entries: 1024 (order: 0, 4096 bytes, linear)
[    0.057454] /cpus/cpu@0 missing clock-frequency property
[    0.058082] CPU0: thread -1, cpu 0, socket 0, mpidr 80000000
[    0.070596] Setting up static identity map for 0x40300000 - 0x403000ac
[    0.073665] rcu: Hierarchical SRCU implementation.
[    0.073728] rcu:     Max phase no-delay instances is 1000.
[    0.081315] EFI services will not be available.
[    0.082761] smp: Bringing up secondary CPUs ...
[    0.083715] smp: Brought up 1 node, 1 CPU
[    0.083833] SMP: Total of 1 processors activated (125.00 BogoMIPS).
[    0.083939] CPU: All CPU(s) started in SVC mode.
[    0.102508] devtmpfs: initialized
[    0.115075] VFP support v0.3: implementor 41 architecture 4 part 30 variant f rev 0
[    0.144439] clocksource: jiffies: mask: 0xffffffff max_cycles: 0xffffffff, max_idle_ns: 19112604462750000 ns
[    0.148373] futex hash table entries: 256 (order: 2, 16384 bytes, linear)
[    0.158553] pinctrl core: initialized pinctrl subsystem
[    0.181672] DMI not present or invalid.
[    0.209163] NET: Registered PF_NETLINK/PF_ROUTE protocol family
[    0.240513] DMA: preallocated 256 KiB pool for atomic coherent allocations
[    0.250358] thermal_sys: Registered thermal governor 'step_wise'
[    0.251006] cpuidle: using governor menu
[    0.252246] No ATAGs?
[    0.253285] hw-breakpoint: found 5 (+1 reserved) breakpoint and 4 watchpoint registers.
[    0.253387] hw-breakpoint: maximum watchpoint size is 8 bytes.
[    0.261412] Serial: AMBA PL011 UART driver
[    0.329694] 9000000.pl011: ttyAMA0 at MMIO 0x9000000 (irq = 28, base_baud = 0) is a PL011 rev1
[    0.331897] printk: legacy console [ttyAMA0] enabled
[    0.413352] iommu: Default domain type: Translated
[    0.413644] iommu: DMA domain TLB invalidation policy: strict mode
[    0.432454] SCSI subsystem initialized
[    0.440802] libata version 3.00 loaded.
[    0.442832] usbcore: registered new interface driver usbfs
[    0.443386] usbcore: registered new interface driver hub
[    0.443894] usbcore: registered new device driver usb
[    0.447557] pps_core: LinuxPPS API ver. 1 registered
[    0.447808] pps_core: Software ver. 5.3.6 - Copyright 2005-2007 Rodolfo Giometti <giometti@linux.it>
[    0.448303] PTP clock support registered
[    0.449429] EDAC MC: Ver: 3.0.0
[    0.471682] scmi_core: SCMI protocol bus registered
[    0.511973] vgaarb: loaded
[    0.538366] clocksource: Switched to clocksource arch_sys_counter
[    0.590665] NET: Registered PF_INET protocol family
[    0.593270] IP idents hash table entries: 4096 (order: 3, 32768 bytes, linear)
[    0.601700] tcp_listen_portaddr_hash hash table entries: 512 (order: 0, 4096 bytes, linear)
[    0.602483] Table-perturb hash table entries: 65536 (order: 6, 262144 bytes, linear)
[    0.602915] TCP established hash table entries: 2048 (order: 1, 8192 bytes, linear)
[    0.603505] TCP bind hash table entries: 2048 (order: 3, 32768 bytes, linear)
[    0.604056] TCP: Hash tables configured (established 2048 bind 2048)
[    0.606526] UDP hash table entries: 256 (order: 1, 8192 bytes, linear)
[    0.607106] UDP-Lite hash table entries: 256 (order: 1, 8192 bytes, linear)
[    0.609309] NET: Registered PF_UNIX/PF_LOCAL protocol family
[    0.635697] RPC: Registered named UNIX socket transport module.
[    0.636047] RPC: Registered udp transport module.
[    0.636269] RPC: Registered tcp transport module.
[    0.636481] RPC: Registered tcp-with-tls transport module.
[    0.636727] RPC: Registered tcp NFSv4.1 backchannel transport module.
[    0.637120] PCI: CLS 0 bytes, default 64
[    0.641949] Initialise system trusted keyrings
[    0.662399] Trying to unpack rootfs image as initramfs...
[    0.687875] workingset: timestamp_bits=30 max_order=16 bucket_order=0
[    0.691086] squashfs: version 4.0 (2009/01/31) Phillip Lougher
[    0.710105] NFS: Registering the id_resolver key type
[    0.710858] Key type id_resolver registered
[    0.711106] Key type id_legacy registered
[    0.711800] nfs4filelayout_init: NFSv4 File Layout Driver Registering...
[    0.712202] nfs4flexfilelayout_init: NFSv4 Flexfile Layout Driver Registering...
[    0.713009] ntfs: driver 2.1.32 [Flags: R/O].
[    0.718500] Key type asymmetric registered
[    0.718817] Asymmetric key parser 'x509' registered
[    0.719417] Block layer SCSI generic (bsg) driver version 0.4 loaded (major 246)
[    0.719954] io scheduler mq-deadline registered
[    0.720249] io scheduler kyber registered
[    0.720596] io scheduler bfq registered
[    0.818820] pl061_gpio 9030000.pl061: PL061 GPIO chip registered
[    0.829421] pci-host-generic 4010000000.pcie: host bridge /pcie@10000000 ranges:
[    0.830847] pci-host-generic 4010000000.pcie:       IO 0x003eff0000..0x003effffff -> 0x0000000000
[    0.832074] pci-host-generic 4010000000.pcie:      MEM 0x0010000000..0x003efeffff -> 0x0010000000
[    0.832544] pci-host-generic 4010000000.pcie:      MEM 0x8000000000..0xffffffffff -> 0x8000000000
[    0.834227] pci-host-generic 4010000000.pcie: can't claim ECAM area [mem 0x10000000-0x1fffffff]: address conflict with pcie@10000000 [mem 0x10000000-0x3efeffff]
[    0.835381] pci-host-generic: probe of 4010000000.pcie failed with error -16
[    1.110529] Freeing initrd memory: 2164K
[    1.322476] Serial: 8250/16550 driver, 5 ports, IRQ sharing enabled
[    1.335925] msm_serial: driver initialized
[    1.337094] SuperH (H)SCI(F) driver initialized
[    1.338268] STMicroelectronics ASC driver initialized
[    1.338856] STM32 USART driver initialized
[    1.462848] brd: module loaded
[    1.496385] loop: module loaded
[    1.509946] physmap-flash 0.flash: physmap platform flash device: [mem 0x00000000-0x03ffffff]
[    1.512419] 0.flash: Found 2 x16 devices at 0x0 in 32-bit bank. Manufacturer ID 0x000000 Chip ID 0x000000
[    1.513464] Intel/Sharp Extended Query Table at 0x0031
[    1.514765] Using buffer write method
[    1.515519] erase region 0: offset=0x0,size=0x40000,blocks=256
[    1.518567] physmap-flash 0.flash: physmap platform flash device: [mem 0x04000000-0x07ffffff]
[    1.519665] 0.flash: Found 2 x16 devices at 0x0 in 32-bit bank. Manufacturer ID 0x000000 Chip ID 0x000000
[    1.520109] Intel/Sharp Extended Query Table at 0x0031
[    1.520958] Using buffer write method
[    1.521167] erase region 0: offset=0x0,size=0x40000,blocks=256
[    1.521504] Concatenating MTD devices:
[    1.521711] (0): "0.flash"
[    1.521855] (1): "0.flash"
[    1.521991] into device "0.flash"
[    1.612423] CAN device driver interface
[    1.614682] bgmac_bcma: Broadcom 47xx GBit MAC driver loaded
[    1.617025] e1000e: Intel(R) PRO/1000 Network Driver
[    1.617475] e1000e: Copyright(c) 1999 - 2015 Intel Corporation.
[    1.617958] igb: Intel(R) Gigabit Ethernet Network Driver
[    1.618210] igb: Copyright (c) 2007-2014 Intel Corporation.
[    1.626500] pegasus: Pegasus/Pegasus II USB Ethernet driver
[    1.626912] usbcore: registered new interface driver pegasus
[    1.627516] usbcore: registered new interface driver asix
[    1.627891] usbcore: registered new interface driver ax88179_178a
[    1.628244] usbcore: registered new interface driver cdc_ether
[    1.628580] usbcore: registered new interface driver smsc75xx
[    1.628926] usbcore: registered new interface driver smsc95xx
[    1.629254] usbcore: registered new interface driver net1080
[    1.629580] usbcore: registered new interface driver cdc_subset
[    1.629922] usbcore: registered new interface driver zaurus
[    1.630315] usbcore: registered new interface driver cdc_ncm
[    1.640335] usbcore: registered new interface driver usb-storage
[    1.698850] rtc-pl031 9010000.pl031: registered as rtc0
[    1.700226] rtc-pl031 9010000.pl031: setting system clock to 2024-06-10T13:25:58 UTC (1718025958)
[    1.705356] i2c_dev: i2c /dev entries driver
[    1.735348] sdhci: Secure Digital Host Controller Interface driver
[    1.735652] sdhci: Copyright(c) Pierre Ossman
[    1.739454] Synopsys Designware Multimedia Card Interface Driver
[    1.742673] sdhci-pltfm: SDHCI platform and OF driver helper
[    1.775525] ledtrig-cpu: registered to indicate activity on CPUs
[    1.781071] usbcore: registered new interface driver usbhid
[    1.781373] usbhid: USB HID core driver
[    1.794129] NET: Registered PF_INET6 protocol family
[    1.837130] Segment Routing with IPv6
[    1.837873] In-situ OAM (IOAM) with IPv6
[    1.838834] sit: IPv6, IPv4 and MPLS over IPv4 tunneling driver
[    1.843581] NET: Registered PF_PACKET protocol family
[    1.843871] can: controller area network core
[    1.844599] NET: Registered PF_CAN protocol family
[    1.844889] can: raw protocol
[    1.845235] can: broadcast manager protocol
[    1.845626] can: netlink gateway - max_hops=1
[    1.848036] Key type dns_resolver registered
[    1.849055] ThumbEE CPU extension supported.
[    1.849374] Registering SWP/SWPB emulation handler
[    1.903388] Loading compiled-in X.509 certificates
[    1.979608] input: gpio-keys as /devices/platform/gpio-keys/input/input0
[    2.779825] clk: Disabling unused clocks
[    2.932188] Freeing unused kernel image (initmem) memory: 2048K
[    2.956776] Run /init as init process
[    2.956994]   with arguments:
[    2.957329]     /init
[    2.957504]   with environment:
[    2.957683]     HOME=/
[    2.957813]     TERM=linux
hello world
